
> samradhi-classes@0.1.0 dev
> next dev -p 3101

▲ Next.js 16.3.0 (Turbopack)
- Local:         http://localhost:3101
- Network:       http://192.168.1.22:3101
- Environments: .env.local
✓ Ready in 662ms
✓ Running next.config.ts took 30ms
Creating turbopack project { dir: 'C:\\PROJECT 1\\samradhi-classes', testMode: true }

 GET / 200 in 393ms (next.js: 81ms, proxy.ts: 186ms, application-code: 127ms)
 GET / 200 in 2.3s (next.js: 5ms, proxy.ts: 2.3s, application-code: 29ms)
✓ Compiled in 210ms
 GET / 200 in 330ms (next.js: 7ms, proxy.ts: 301ms, application-code: 23ms)
 GET /typing 200 in 42ms (next.js: 20ms, application-code: 22ms)
 GET /typing 200 in 42ms (next.js: 8ms, application-code: 34ms)
 GET /typing/practice 200 in 282ms (next.js: 258ms, application-code: 25ms)
 GET /typing/practice/rssb-ldc-english 200 in 622ms (next.js: 594ms, application-code: 28ms)
 GET /typing/exams 200 in 44ms (next.js: 19ms, application-code: 25ms)
 GET /typing/exams/rssb-ldc-hindi 200 in 435ms (next.js: 412ms, application-code: 23ms)
 GET /typing/exams 200 in 31ms (next.js: 10ms, application-code: 21ms)
 GET /typing/exams/english-stenography 200 in 29ms (next.js: 13ms, application-code: 16ms)
 GET /typing/exams 200 in 25ms (next.js: 5ms, application-code: 20ms)
 GET /typing 200 in 25ms (next.js: 8ms, application-code: 17ms)
 GET /typing/exams 200 in 26ms (next.js: 4ms, application-code: 22ms)
 GET /typing/exams/rssb-ldc-hindi 200 in 29ms (next.js: 10ms, application-code: 19ms)
 GET /typing/exams/rssb-ldc-hindi 200 in 57ms (next.js: 20ms, application-code: 37ms)
 GET /typing/exams/rssb-ldc-hindi 200 in 45ms (next.js: 20ms, application-code: 25ms)
✓ Compiled in 119ms
 GET /typing/exams/rssb-ldc-hindi 200 in 42ms (next.js: 14ms, application-code: 27ms)
 GET /typing/exams/rssb-ldc-hindi 200 in 43ms (next.js: 13ms, application-code: 30ms)
 GET /typing/exams/rssb-ldc-hindi 200 in 43ms (next.js: 16ms, application-code: 27ms)
 GET /typing/exams/rssb-ldc-hindi 200 in 35ms (next.js: 14ms, application-code: 21ms)
 GET /typing/exams/rssb-ldc-hindi 200 in 36ms (next.js: 14ms, application-code: 23ms)
 GET /typing/exams/rssb-ldc-hindi 200 in 55ms (next.js: 17ms, application-code: 38ms)
 GET /typing/exams/rssb-ldc-hindi 200 in 98ms (next.js: 16ms, application-code: 81ms)
 GET /typing 200 in 26ms (next.js: 6ms, application-code: 20ms)
[?25h
